// Jest Snapshot v1, https://goo.gl/fbAQLP

exports[`Dropdown Рендер компонента Dropdown (snapshot) 1`] = `
<div
  className="container"
>
  <div
    onClick={[Function]}
  >
    <button>
      Test
    </button>
  </div>
</div>
`;
